// Jest Snapshot v1, https://goo.gl/fbAQLP

exports[`FiringCreatePage should render against a snapshot 1`] = `
<div>
  <div>
    <div
      class="ui segment"
    >
      <form
        class="ui form"
      >
        <div
          class="field undefined "
        >
          <div
            class="field"
          >
            <label>
              Firing Name
            </label>
            <div
              class="ui input"
            >
              <input
                name="name"
                value=""
              />
            </div>
          </div>
        </div>
        <div
          class="field"
        >
          <label>
            Firing Date
          </label>
          <div
            class="react-datepicker-wrapper"
          >
            <div
              class="react-datepicker__input-container"
            >
              <input
                class=""
                type="text"
                value="31 Dec 2021"
              />
            </div>
          </div>
        </div>
        <div
          class="field undefined "
        >
          <div
            class="field"
          >
            <label>
              Notes
            </label>
            <textarea
              name="notes"
              rows="8"
            />
          </div>
        </div>
        <button
          class="ui disabled button"
          disabled=""
          tabindex="-1"
        >
          Update
        </button>
      </form>
    </div>
  </div>
</div>
`;
